[0.299s] DEBUG:colcon:Command line arguments: ['/usr/bin/colcon', 'build', '--symlink-install']
[0.299s] DEBUG:colcon:Parsed command line arguments: Namespace(log_base=None, log_level=None, verb_name='build', build_base='build', install_base='install', merge_install=False, symlink_install=True, test_result_base=None, continue_on_error=False, executor='parallel', parallel_workers=12, event_handlers=None, ignore_user_meta=False, metas=['./colcon.meta'], base_paths=['.'], packages_ignore=None, packages_ignore_regex=None, paths=None, packages_up_to=None, packages_up_to_regex=None, packages_above=None, packages_above_and_dependencies=None, packages_above_depth=None, packages_select_by_dep=None, packages_skip_by_dep=None, packages_skip_up_to=None, packages_select_build_failed=False, packages_skip_build_finished=False, packages_select_test_failures=False, packages_skip_test_passed=False, packages_select=None, packages_skip=None, packages_select_regex=None, packages_skip_regex=None, packages_start=None, packages_end=None, cmake_args=None, cmake_target=None, cmake_target_skip_unavailable=False, cmake_clean_cache=False, cmake_clean_first=False, cmake_force_configure=False, ament_cmake_args=None, catkin_cmake_args=None, catkin_skip_building_tests=False, mixin_files=None, mixin=None, verb_parser=<colcon_mixin.mixin.mixin_argument.MixinArgumentDecorator object at 0x768afeab79d0>, verb_extension=<colcon_core.verb.build.BuildVerb object at 0x768afebf4ca0>, main=<bound method BuildVerb.main of <colcon_core.verb.build.BuildVerb object at 0x768afebf4ca0>>, mixin_verb=('build',))
[0.715s] Level 1:colcon.colcon_core.package_discovery:discover_packages(colcon_meta) check parameters
[0.718s] INFO:colcon.colcon_metadata.package_discovery.colcon_meta:Using configuration from '/root/.colcon/metadata/default/Gazebo.meta'
[0.719s] INFO:colcon.colcon_metadata.package_discovery.colcon_meta:Using configuration from '/root/.colcon/metadata/default/fastdds.meta'
[0.720s] INFO:colcon.colcon_metadata.package_discovery.colcon_meta:Using configuration from '/root/.colcon/metadata/default/fastrtps.meta'
[0.720s] Level 1:colcon.colcon_core.package_discovery:discover_packages(recursive) check parameters
[0.721s] Level 1:colcon.colcon_core.package_discovery:discover_packages(ignore) check parameters
[0.721s] Level 1:colcon.colcon_core.package_discovery:discover_packages(path) check parameters
[0.721s] Level 1:colcon.colcon_core.package_discovery:discover_packages(colcon_meta) discover
[0.721s] Level 1:colcon.colcon_core.package_discovery:discover_packages(recursive) discover
[0.721s] INFO:colcon.colcon_core.package_discovery:Crawling recursively for packages in '/mnt/docker_ws/demo_ws'
[0.723s] Level 1:colcon.colcon_core.package_identification:_identify(.) by extensions ['ignore', 'ignore_ament_install']
[0.724s] Level 1:colcon.colcon_core.package_identification:_identify(.) by extension 'ignore'
[0.728s] Level 1:colcon.colcon_core.package_identification:_identify(.) by extension 'ignore_ament_install'
[0.729s] Level 1:colcon.colcon_core.package_identification:_identify(.) by extensions ['colcon_pkg']
[0.729s] Level 1:colcon.colcon_core.package_identification:_identify(.) by extension 'colcon_pkg'
[0.730s] Level 1:colcon.colcon_core.package_identification:_identify(.) by extensions ['colcon_meta']
[0.730s] Level 1:colcon.colcon_core.package_identification:_identify(.) by extension 'colcon_meta'
[0.730s] Level 1:colcon.colcon_core.package_identification:_identify(.) by extensions ['ros']
[0.731s] Level 1:colcon.colcon_core.package_identification:_identify(.) by extension 'ros'
[0.751s] Level 1:colcon.colcon_core.package_identification:_identify(.) by extensions ['cmake', 'python']
[0.751s] Level 1:colcon.colcon_core.package_identification:_identify(.) by extension 'cmake'
[0.752s] Level 1:colcon.colcon_core.package_identification:_identify(.) by extension 'python'
[0.753s] Level 1:colcon.colcon_core.package_identification:_identify(.) by extensions ['python_setup_py']
[0.753s] Level 1:colcon.colcon_core.package_identification:_identify(.) by extension 'python_setup_py'
[0.757s] Level 1:colcon.colcon_core.package_identification:_identify(build) by extensions ['ignore', 'ignore_ament_install']
[0.757s] Level 1:colcon.colcon_core.package_identification:_identify(build) by extension 'ignore'
[0.758s] Level 1:colcon.colcon_core.package_identification:_identify(build) ignored
[0.761s] Level 1:colcon.colcon_core.package_identification:_identify(install) by extensions ['ignore', 'ignore_ament_install']
[0.761s] Level 1:colcon.colcon_core.package_identification:_identify(install) by extension 'ignore'
[0.763s] Level 1:colcon.colcon_core.package_identification:_identify(install) ignored
[0.769s] Level 1:colcon.colcon_core.package_identification:_identify(log) by extensions ['ignore', 'ignore_ament_install']
[0.769s] Level 1:colcon.colcon_core.package_identification:_identify(log) by extension 'ignore'
[0.770s] Level 1:colcon.colcon_core.package_identification:_identify(log) ignored
[0.772s] Level 1:colcon.colcon_core.package_identification:_identify(src) by extensions ['ignore', 'ignore_ament_install']
[0.772s] Level 1:colcon.colcon_core.package_identification:_identify(src) by extension 'ignore'
[0.772s] Level 1:colcon.colcon_core.package_identification:_identify(src) by extension 'ignore_ament_install'
[0.773s] Level 1:colcon.colcon_core.package_identification:_identify(src) by extensions ['colcon_pkg']
[0.774s] Level 1:colcon.colcon_core.package_identification:_identify(src) by extension 'colcon_pkg'
[0.774s] Level 1:colcon.colcon_core.package_identification:_identify(src) by extensions ['colcon_meta']
[0.774s] Level 1:colcon.colcon_core.package_identification:_identify(src) by extension 'colcon_meta'
[0.775s] Level 1:colcon.colcon_core.package_identification:_identify(src) by extensions ['ros']
[0.775s] Level 1:colcon.colcon_core.package_identification:_identify(src) by extension 'ros'
[0.777s] Level 1:colcon.colcon_core.package_identification:_identify(src) by extensions ['cmake', 'python']
[0.777s] Level 1:colcon.colcon_core.package_identification:_identify(src) by extension 'cmake'
[0.778s] Level 1:colcon.colcon_core.package_identification:_identify(src) by extension 'python'
[0.778s] Level 1:colcon.colcon_core.package_identification:_identify(src) by extensions ['python_setup_py']
[0.779s] Level 1:colcon.colcon_core.package_identification:_identify(src) by extension 'python_setup_py'
[0.782s] Level 1:colcon.colcon_core.package_identification:_identify(src/demo_pubsub) by extensions ['ignore', 'ignore_ament_install']
[0.782s] Level 1:colcon.colcon_core.package_identification:_identify(src/demo_pubsub) by extension 'ignore'
[0.783s] Level 1:colcon.colcon_core.package_identification:_identify(src/demo_pubsub) by extension 'ignore_ament_install'
[0.785s] Level 1:colcon.colcon_core.package_identification:_identify(src/demo_pubsub) by extensions ['colcon_pkg']
[0.785s] Level 1:colcon.colcon_core.package_identification:_identify(src/demo_pubsub) by extension 'colcon_pkg'
[0.786s] Level 1:colcon.colcon_core.package_identification:_identify(src/demo_pubsub) by extensions ['colcon_meta']
[0.786s] Level 1:colcon.colcon_core.package_identification:_identify(src/demo_pubsub) by extension 'colcon_meta'
[0.787s] Level 1:colcon.colcon_core.package_identification:_identify(src/demo_pubsub) by extensions ['ros']
[0.788s] Level 1:colcon.colcon_core.package_identification:_identify(src/demo_pubsub) by extension 'ros'
[0.820s] DEBUG:colcon.colcon_core.package_identification:Package 'src/demo_pubsub' with type 'ros.ament_python' and name 'demo_pubsub'
[0.820s] Level 1:colcon.colcon_core.package_discovery:discover_packages(recursive) using defaults
[0.820s] Level 1:colcon.colcon_core.package_discovery:discover_packages(ignore) discover
[0.821s] Level 1:colcon.colcon_core.package_discovery:discover_packages(ignore) using defaults
[0.821s] Level 1:colcon.colcon_core.package_discovery:discover_packages(path) discover
[0.821s] Level 1:colcon.colcon_core.package_discovery:discover_packages(path) using defaults
[0.883s] Level 5:colcon.colcon_core.verb:set package 'demo_pubsub' build argument 'cmake_args' from command line to 'None'
[0.883s] Level 5:colcon.colcon_core.verb:set package 'demo_pubsub' build argument 'cmake_target' from command line to 'None'
[0.884s] Level 5:colcon.colcon_core.verb:set package 'demo_pubsub' build argument 'cmake_target_skip_unavailable' from command line to 'False'
[0.884s] Level 5:colcon.colcon_core.verb:set package 'demo_pubsub' build argument 'cmake_clean_cache' from command line to 'False'
[0.884s] Level 5:colcon.colcon_core.verb:set package 'demo_pubsub' build argument 'cmake_clean_first' from command line to 'False'
[0.884s] Level 5:colcon.colcon_core.verb:set package 'demo_pubsub' build argument 'cmake_force_configure' from command line to 'False'
[0.885s] Level 5:colcon.colcon_core.verb:set package 'demo_pubsub' build argument 'ament_cmake_args' from command line to 'None'
[0.885s] Level 5:colcon.colcon_core.verb:set package 'demo_pubsub' build argument 'catkin_cmake_args' from command line to 'None'
[0.885s] Level 5:colcon.colcon_core.verb:set package 'demo_pubsub' build argument 'catkin_skip_building_tests' from command line to 'False'
[0.886s] DEBUG:colcon.colcon_core.verb:Building package 'demo_pubsub' with the following arguments: {'ament_cmake_args': None, 'build_base': '/mnt/docker_ws/demo_ws/build/demo_pubsub', 'catkin_cmake_args': None, 'catkin_skip_building_tests': False, 'cmake_args': None, 'cmake_clean_cache': False, 'cmake_clean_first': False, 'cmake_force_configure': False, 'cmake_target': None, 'cmake_target_skip_unavailable': False, 'install_base': '/mnt/docker_ws/demo_ws/install/demo_pubsub', 'merge_install': False, 'path': '/mnt/docker_ws/demo_ws/src/demo_pubsub', 'symlink_install': True, 'test_result_base': None}
[0.886s] INFO:colcon.colcon_core.executor:Executing jobs using 'parallel' executor
[0.887s] DEBUG:colcon.colcon_parallel_executor.executor.parallel:run_until_complete
[0.888s] INFO:colcon.colcon_ros.task.ament_python.build:Building ROS package in '/mnt/docker_ws/demo_ws/src/demo_pubsub' with build type 'ament_python'
[0.888s] Level 1:colcon.colcon_core.shell:create_environment_hook('demo_pubsub', 'ament_prefix_path')
[0.897s] INFO:colcon.colcon_core.plugin_system:Skipping extension 'colcon_core.shell.bat': Not used on non-Windows systems
[0.898s] INFO:colcon.colcon_core.shell:Creating environment hook '/mnt/docker_ws/demo_ws/install/demo_pubsub/share/demo_pubsub/hook/ament_prefix_path.ps1'
[0.924s] INFO:colcon.colcon_core.shell:Creating environment descriptor '/mnt/docker_ws/demo_ws/install/demo_pubsub/share/demo_pubsub/hook/ament_prefix_path.dsv'
[0.956s] INFO:colcon.colcon_core.shell:Creating environment hook '/mnt/docker_ws/demo_ws/install/demo_pubsub/share/demo_pubsub/hook/ament_prefix_path.sh'
[0.976s] INFO:colcon.colcon_core.shell:Skip shell extension 'powershell' for command environment: Not usable outside of PowerShell
[0.976s] DEBUG:colcon.colcon_core.shell:Skip shell extension 'dsv' for command environment
[1.382s] INFO:colcon.colcon_core.task.python.build:Building Python package in '/mnt/docker_ws/demo_ws/src/demo_pubsub'
[1.382s] INFO:colcon.colcon_core.shell:Skip shell extension 'powershell' for command environment: Not usable outside of PowerShell
[1.383s] DEBUG:colcon.colcon_core.shell:Skip shell extension 'dsv' for command environment
[2.762s] DEBUG:colcon.colcon_core.task.python.build:Available setuptools commands: bdist, bdist_wheel, register, install, build_scripts, egg_info, symlink_data, build, test, build_py, install_data, bdist_rpm, dist_info, check, easy_install, install_scripts, bdist_dumb, rotate, build_ext, bdist_egg, setopt, install_lib, install_headers, build_clib, saveopts, develop, alias, clean, upload_docs, upload, install_egg_info, sdist
[3.774s] DEBUG:colcon.colcon_core.task.python.build:Available setuptools 'develop' options: --quiet, --install-layout, --no-deps, --prefix, --help, --index-url, --no-user-cfg, --allow-hosts, --always-unzip, --install-dir, --version, --find-links, --upgrade, --record, --editable, --verbose, --build-directory, --user, --site-dirs, --multi-version, --dry-run, --uninstall, --zip-ok, --exclude-scripts, --script-dir, --egg-path, --always-copy, --no-find-links, --force-installation-into-system-dir, --local-snapshots-ok, --optimize
[3.846s] DEBUG:colcon.colcon_core.event_handler.log_command:Invoking command in '/mnt/docker_ws/demo_ws/build/demo_pubsub': PYTHONPATH=/mnt/docker_ws/demo_ws/build/demo_pubsub/prefix_override:/usr/lib/python3/dist-packages/colcon_core/task/python/colcon_distutils_commands:/mnt/docker_ws/demo_ws/install/demo_pubsub/lib/python3.10/site-packages:${PYTHONPATH} /usr/bin/python3 -W ignore:setup.py install is deprecated -W ignore:easy_install command is deprecated setup.py develop --editable --build-directory /mnt/docker_ws/demo_ws/build/demo_pubsub/build --no-deps symlink_data
[5.310s] Level 1:colcon.colcon_core.shell:create_environment_hook('demo_pubsub', 'pythonpath_develop')
[5.310s] INFO:colcon.colcon_core.shell:Creating environment hook '/mnt/docker_ws/demo_ws/build/demo_pubsub/share/demo_pubsub/hook/pythonpath_develop.ps1'
[5.312s] DEBUG:colcon.colcon_core.event_handler.log_command:Invoked command in '/mnt/docker_ws/demo_ws/build/demo_pubsub' returned '0': PYTHONPATH=/mnt/docker_ws/demo_ws/build/demo_pubsub/prefix_override:/usr/lib/python3/dist-packages/colcon_core/task/python/colcon_distutils_commands:/mnt/docker_ws/demo_ws/install/demo_pubsub/lib/python3.10/site-packages:${PYTHONPATH} /usr/bin/python3 -W ignore:setup.py install is deprecated -W ignore:easy_install command is deprecated setup.py develop --editable --build-directory /mnt/docker_ws/demo_ws/build/demo_pubsub/build --no-deps symlink_data
[5.333s] INFO:colcon.colcon_core.shell:Creating environment descriptor '/mnt/docker_ws/demo_ws/build/demo_pubsub/share/demo_pubsub/hook/pythonpath_develop.dsv'
[5.351s] INFO:colcon.colcon_core.shell:Creating environment hook '/mnt/docker_ws/demo_ws/build/demo_pubsub/share/demo_pubsub/hook/pythonpath_develop.sh'
[5.378s] Level 1:colcon.colcon_core.environment:checking '/mnt/docker_ws/demo_ws/install/demo_pubsub' for CMake module files
[5.438s] Level 1:colcon.colcon_core.environment:checking '/mnt/docker_ws/demo_ws/install/demo_pubsub' for CMake config files
[5.534s] Level 1:colcon.colcon_core.environment:checking '/mnt/docker_ws/demo_ws/install/demo_pubsub/lib'
[5.539s] Level 1:colcon.colcon_core.environment:checking '/mnt/docker_ws/demo_ws/install/demo_pubsub/bin'
[5.540s] Level 1:colcon.colcon_core.environment:checking '/mnt/docker_ws/demo_ws/install/demo_pubsub/lib/pkgconfig/demo_pubsub.pc'
[5.542s] Level 1:colcon.colcon_core.environment:checking '/mnt/docker_ws/demo_ws/install/demo_pubsub/lib/python3.10/site-packages'
[5.544s] Level 1:colcon.colcon_core.shell:create_environment_hook('demo_pubsub', 'pythonpath')
[5.547s] INFO:colcon.colcon_core.shell:Creating environment hook '/mnt/docker_ws/demo_ws/install/demo_pubsub/share/demo_pubsub/hook/pythonpath.ps1'
[5.562s] INFO:colcon.colcon_core.shell:Creating environment descriptor '/mnt/docker_ws/demo_ws/install/demo_pubsub/share/demo_pubsub/hook/pythonpath.dsv'
[5.578s] INFO:colcon.colcon_core.shell:Creating environment hook '/mnt/docker_ws/demo_ws/install/demo_pubsub/share/demo_pubsub/hook/pythonpath.sh'
[5.596s] Level 1:colcon.colcon_core.environment:checking '/mnt/docker_ws/demo_ws/install/demo_pubsub/bin'
[5.597s] Level 1:colcon.colcon_core.environment:create_environment_scripts_only(demo_pubsub)
[5.598s] INFO:colcon.colcon_core.shell:Creating package script '/mnt/docker_ws/demo_ws/install/demo_pubsub/share/demo_pubsub/package.ps1'
[5.613s] INFO:colcon.colcon_core.shell:Creating package descriptor '/mnt/docker_ws/demo_ws/install/demo_pubsub/share/demo_pubsub/package.dsv'
[5.628s] INFO:colcon.colcon_core.shell:Creating package script '/mnt/docker_ws/demo_ws/install/demo_pubsub/share/demo_pubsub/package.sh'
[5.642s] INFO:colcon.colcon_core.shell:Creating package script '/mnt/docker_ws/demo_ws/install/demo_pubsub/share/demo_pubsub/package.bash'
[5.656s] INFO:colcon.colcon_core.shell:Creating package script '/mnt/docker_ws/demo_ws/install/demo_pubsub/share/demo_pubsub/package.zsh'
[5.672s] Level 1:colcon.colcon_core.environment:create_file_with_runtime_dependencies(/mnt/docker_ws/demo_ws/install/demo_pubsub/share/colcon-core/packages/demo_pubsub)
[5.686s] DEBUG:colcon.colcon_parallel_executor.executor.parallel:closing loop
[5.686s] DEBUG:colcon.colcon_parallel_executor.executor.parallel:loop closed
[5.686s] DEBUG:colcon.colcon_parallel_executor.executor.parallel:run_until_complete finished with '0'
[5.687s] DEBUG:colcon.colcon_core.event_reactor:joining thread
[5.726s] INFO:colcon.colcon_core.plugin_system:Skipping extension 'colcon_notification.desktop_notification.notify_send': Could not find 'notify-send'
[5.734s] INFO:colcon.colcon_core.plugin_system:Skipping extension 'colcon_notification.desktop_notification.terminal_notifier': Not used on non-Darwin systems
[5.734s] INFO:colcon.colcon_core.plugin_system:Skipping extension 'colcon_notification.desktop_notification.win32': Not used on non-Windows systems
[5.735s] INFO:colcon.colcon_notification.desktop_notification:Sending desktop notification using 'notify2'
[5.740s] DEBUG:colcon.colcon_notification.desktop_notification.notify2:Failed to initialize notify2: org.freedesktop.DBus.Error.Spawn.ExecFailed: /usr/bin/dbus-launch terminated abnormally without any error message
[5.740s] DEBUG:colcon.colcon_core.event_reactor:joined thread
[5.741s] INFO:colcon.colcon_core.shell:Creating prefix script '/mnt/docker_ws/demo_ws/install/local_setup.ps1'
[5.753s] INFO:colcon.colcon_core.shell:Creating prefix util module '/mnt/docker_ws/demo_ws/install/_local_setup_util_ps1.py'
[5.760s] INFO:colcon.colcon_core.shell:Creating prefix chain script '/mnt/docker_ws/demo_ws/install/setup.ps1'
[5.767s] INFO:colcon.colcon_core.shell:Creating prefix script '/mnt/docker_ws/demo_ws/install/local_setup.sh'
[5.773s] INFO:colcon.colcon_core.shell:Creating prefix util module '/mnt/docker_ws/demo_ws/install/_local_setup_util_sh.py'
[5.780s] INFO:colcon.colcon_core.shell:Creating prefix chain script '/mnt/docker_ws/demo_ws/install/setup.sh'
[5.787s] INFO:colcon.colcon_core.shell:Creating prefix script '/mnt/docker_ws/demo_ws/install/local_setup.bash'
[5.795s] INFO:colcon.colcon_core.shell:Creating prefix chain script '/mnt/docker_ws/demo_ws/install/setup.bash'
[5.803s] INFO:colcon.colcon_core.shell:Creating prefix script '/mnt/docker_ws/demo_ws/install/local_setup.zsh'
[5.811s] INFO:colcon.colcon_core.shell:Creating prefix chain script '/mnt/docker_ws/demo_ws/install/setup.zsh'
