running develop
running egg_info
creating demo_pubsub.egg-info
writing demo_pubsub.egg-info/PKG-INFO
writing dependency_links to demo_pubsub.egg-info/dependency_links.txt
writing entry points to demo_pubsub.egg-info/entry_points.txt
writing requirements to demo_pubsub.egg-info/requires.txt
writing top-level names to demo_pubsub.egg-info/top_level.txt
writing manifest file 'demo_pubsub.egg-info/SOURCES.txt'
reading manifest file 'demo_pubsub.egg-info/SOURCES.txt'
writing manifest file 'demo_pubsub.egg-info/SOURCES.txt'
running build_ext
Creating /mnt/docker_ws/demo_ws/install/demo_pubsub/lib/python3.10/site-packages/demo-pubsub.egg-link (link to .)
Installing demo_pub script to /mnt/docker_ws/demo_ws/install/demo_pubsub/lib/demo_pubsub
Installing demo_sub script to /mnt/docker_ws/demo_ws/install/demo_pubsub/lib/demo_pubsub

Installed /mnt/docker_ws/demo_ws/build/demo_pubsub
running symlink_data
creating /mnt/docker_ws/demo_ws/install/demo_pubsub/share/ament_index
creating /mnt/docker_ws/demo_ws/install/demo_pubsub/share/ament_index/resource_index
creating /mnt/docker_ws/demo_ws/install/demo_pubsub/share/ament_index/resource_index/packages
symbolically linking /mnt/docker_ws/demo_ws/build/demo_pubsub/resource/demo_pubsub -> /mnt/docker_ws/demo_ws/install/demo_pubsub/share/ament_index/resource_index/packages
symbolically linking /mnt/docker_ws/demo_ws/build/demo_pubsub/package.xml -> /mnt/docker_ws/demo_ws/install/demo_pubsub/share/demo_pubsub
