[2.955s] Invoking command in '/mnt/docker_ws/demo_ws/build/demo_pubsub': PYTHONPATH=/mnt/docker_ws/demo_ws/build/demo_pubsub/prefix_override:/usr/lib/python3/dist-packages/colcon_core/task/python/colcon_distutils_commands:/mnt/docker_ws/demo_ws/install/demo_pubsub/lib/python3.10/site-packages:${PYTHONPATH} /usr/bin/python3 -W ignore:setup.py install is deprecated -W ignore:easy_install command is deprecated setup.py develop --editable --build-directory /mnt/docker_ws/demo_ws/build/demo_pubsub/build --no-deps symlink_data
[3.833s] running develop
[4.129s] running egg_info
[4.130s] creating demo_pubsub.egg-info
[4.132s] writing demo_pubsub.egg-info/PKG-INFO
[4.140s] writing dependency_links to demo_pubsub.egg-info/dependency_links.txt
[4.144s] writing entry points to demo_pubsub.egg-info/entry_points.txt
[4.148s] writing requirements to demo_pubsub.egg-info/requires.txt
[4.152s] writing top-level names to demo_pubsub.egg-info/top_level.txt
[4.156s] writing manifest file 'demo_pubsub.egg-info/SOURCES.txt'
[4.203s] reading manifest file 'demo_pubsub.egg-info/SOURCES.txt'
[4.258s] writing manifest file 'demo_pubsub.egg-info/SOURCES.txt'
[4.271s] running build_ext
[4.272s] Creating /mnt/docker_ws/demo_ws/install/demo_pubsub/lib/python3.10/site-packages/demo-pubsub.egg-link (link to .)
[4.298s] Installing demo_pub script to /mnt/docker_ws/demo_ws/install/demo_pubsub/lib/demo_pubsub
[4.313s] Installing demo_sub script to /mnt/docker_ws/demo_ws/install/demo_pubsub/lib/demo_pubsub
[4.338s] 
[4.339s] Installed /mnt/docker_ws/demo_ws/build/demo_pubsub
[4.342s] running symlink_data
[4.350s] creating /mnt/docker_ws/demo_ws/install/demo_pubsub/share/ament_index
[4.353s] creating /mnt/docker_ws/demo_ws/install/demo_pubsub/share/ament_index/resource_index
[4.356s] creating /mnt/docker_ws/demo_ws/install/demo_pubsub/share/ament_index/resource_index/packages
[4.372s] symbolically linking /mnt/docker_ws/demo_ws/build/demo_pubsub/resource/demo_pubsub -> /mnt/docker_ws/demo_ws/install/demo_pubsub/share/ament_index/resource_index/packages
[4.390s] symbolically linking /mnt/docker_ws/demo_ws/build/demo_pubsub/package.xml -> /mnt/docker_ws/demo_ws/install/demo_pubsub/share/demo_pubsub
[4.421s] Invoked command in '/mnt/docker_ws/demo_ws/build/demo_pubsub' returned '0': PYTHONPATH=/mnt/docker_ws/demo_ws/build/demo_pubsub/prefix_override:/usr/lib/python3/dist-packages/colcon_core/task/python/colcon_distutils_commands:/mnt/docker_ws/demo_ws/install/demo_pubsub/lib/python3.10/site-packages:${PYTHONPATH} /usr/bin/python3 -W ignore:setup.py install is deprecated -W ignore:easy_install command is deprecated setup.py develop --editable --build-directory /mnt/docker_ws/demo_ws/build/demo_pubsub/build --no-deps symlink_data
